// Jest Snapshot v1, https://goo.gl/fbAQLP

exports[`should render Add Expense Page 1`] = `
<div>
  <div
    className="pageHeader"
  >
    <div
      className="content-container"
    >
      <h1
        className="pageHeader__title"
      >
        Add Expense
      </h1>
    </div>
  </div>
  <div
    className="content-container"
  >
    <ExpenseForm
      buttonText="Add Expense"
      onSubmit={[Function]}
    />
  </div>
</div>
`;
